// Jest Snapshot v1, https://goo.gl/fbAQLP

exports[`minCollapsedLines render component 1`] = `<div />`;
