// Jest Snapshot v1, https://goo.gl/fbAQLP

exports[`withTokenizeWorker render component 1`] = `<div />`;
