// Jest Snapshot v1, https://goo.gl/fbAQLP

exports[`withSourceExpansion render component 1`] = `<div />`;
