// Jest Snapshot v1, https://goo.gl/fbAQLP

exports[`withChangeSelect render component 1`] = `<div />`;

exports[`withChangeSelect usage in document EnhancedDiffView snapshot 1`] = `
<table
  className="diff diff-split"
  onMouseDown={[Function]}
>
  <colgroup>
    <col
      className="diff-gutter-col"
    />
    <col />
    <col
      className="diff-gutter-col"
    />
    <col />
  </colgroup>
  <tbody
    className="diff-hunk"
  >
    <tr
      className="diff-line diff-line-normal"
    >
      <td
        className="diff-gutter diff-gutter-normal"
        onMouseEnter={[Function]}
        onMouseLeave={[Function]}
      >
        21
      </td>
      <td
        className="diff-code diff-code-normal"
        onClick={[Function]}
        onMouseEnter={[Function]}
        onMouseLeave={[Function]}
      >
            test('App renders correctly', () =&gt; {
      </td>
      <td
        className="diff-gutter diff-gutter-normal"
        onMouseEnter={[Function]}
        onMouseLeave={[Function]}
      >
        21
      </td>
      <td
        className="diff-code diff-code-normal"
        onClick={[Function]}
        onMouseEnter={[Function]}
        onMouseLeave={[Function]}
      >
            test('App renders correctly', () =&gt; {
      </td>
    </tr>
    <tr
      className="diff-line diff-line-compare"
    >
      <td
        className="diff-gutter diff-gutter-delete"
        onMouseEnter={[Function]}
        onMouseLeave={[Function]}
      >
        22
      </td>
      <td
        className="diff-code diff-code-delete"
        onClick={[Function]}
        onMouseEnter={[Function]}
        onMouseLeave={[Function]}
      >
                expect(renderer.create(&lt;App diffText={'deff'} /&gt;).toJSON()).toMatchSnapshot();
      </td>
      <td
        className="diff-gutter diff-gutter-insert"
        onMouseEnter={[Function]}
        onMouseLeave={[Function]}
      >
        22
      </td>
      <td
        className="diff-code diff-code-insert"
        onClick={[Function]}
        onMouseEnter={[Function]}
        onMouseLeave={[Function]}
      >
                expect(renderer.create(&lt;App diffText={'diff'} /&gt;).toJSON()).toMatchSnapshot();
      </td>
    </tr>
    <tr
      className="diff-line diff-line-normal"
    >
      <td
        className="diff-gutter diff-gutter-normal"
        onMouseEnter={[Function]}
        onMouseLeave={[Function]}
      >
        23
      </td>
      <td
        className="diff-code diff-code-normal"
        onClick={[Function]}
        onMouseEnter={[Function]}
        onMouseLeave={[Function]}
      >
            });
      </td>
      <td
        className="diff-gutter diff-gutter-normal"
        onMouseEnter={[Function]}
        onMouseLeave={[Function]}
      >
        23
      </td>
      <td
        className="diff-code diff-code-normal"
        onClick={[Function]}
        onMouseEnter={[Function]}
        onMouseLeave={[Function]}
      >
            });
      </td>
    </tr>
  </tbody>
</table>
`;

exports[`withChangeSelect usage in document EnhancedDiffView snapshot with multiple 1`] = `
<table
  className="diff diff-split"
  onMouseDown={[Function]}
>
  <colgroup>
    <col
      className="diff-gutter-col"
    />
    <col />
    <col
      className="diff-gutter-col"
    />
    <col />
  </colgroup>
  <tbody
    className="diff-hunk"
  >
    <tr
      className="diff-line diff-line-normal"
    >
      <td
        className="diff-gutter diff-gutter-normal"
        onMouseEnter={[Function]}
        onMouseLeave={[Function]}
      >
        21
      </td>
      <td
        className="diff-code diff-code-normal"
        onClick={[Function]}
        onMouseEnter={[Function]}
        onMouseLeave={[Function]}
      >
            test('App renders correctly', () =&gt; {
      </td>
      <td
        className="diff-gutter diff-gutter-normal"
        onMouseEnter={[Function]}
        onMouseLeave={[Function]}
      >
        21
      </td>
      <td
        className="diff-code diff-code-normal"
        onClick={[Function]}
        onMouseEnter={[Function]}
        onMouseLeave={[Function]}
      >
            test('App renders correctly', () =&gt; {
      </td>
    </tr>
    <tr
      className="diff-line diff-line-compare"
    >
      <td
        className="diff-gutter diff-gutter-delete"
        onMouseEnter={[Function]}
        onMouseLeave={[Function]}
      >
        22
      </td>
      <td
        className="diff-code diff-code-delete"
        onClick={[Function]}
        onMouseEnter={[Function]}
        onMouseLeave={[Function]}
      >
                expect(renderer.create(&lt;App diffText={'deff'} /&gt;).toJSON()).toMatchSnapshot();
      </td>
      <td
        className="diff-gutter diff-gutter-insert"
        onMouseEnter={[Function]}
        onMouseLeave={[Function]}
      >
        22
      </td>
      <td
        className="diff-code diff-code-insert"
        onClick={[Function]}
        onMouseEnter={[Function]}
        onMouseLeave={[Function]}
      >
                expect(renderer.create(&lt;App diffText={'diff'} /&gt;).toJSON()).toMatchSnapshot();
      </td>
    </tr>
    <tr
      className="diff-line diff-line-normal"
    >
      <td
        className="diff-gutter diff-gutter-normal"
        onMouseEnter={[Function]}
        onMouseLeave={[Function]}
      >
        23
      </td>
      <td
        className="diff-code diff-code-normal"
        onClick={[Function]}
        onMouseEnter={[Function]}
        onMouseLeave={[Function]}
      >
            });
      </td>
      <td
        className="diff-gutter diff-gutter-normal"
        onMouseEnter={[Function]}
        onMouseLeave={[Function]}
      >
        23
      </td>
      <td
        className="diff-code diff-code-normal"
        onClick={[Function]}
        onMouseEnter={[Function]}
        onMouseLeave={[Function]}
      >
            });
      </td>
    </tr>
  </tbody>
</table>
`;
